[2025-07-31 19:48:39] local.INFO: Importing jobs from Jobber  
[2025-07-31 19:48:43] local.INFO: Client: {"response":{"data":{"job":{"client":{"id":"Z2lkOi8vSm9iYmVyL0NsaWVudC80NzM0MjMwMw==","firstName":"4811","lastName":"Caroline St","companyName":"4811 Caroline St","name":"4811 Caroline St","secondaryName":"4811 Caroline St","title":null,"balance":105.0,"jobberWebUri":"https://secure.getjobber.com/clients/47342303","emails":[{"address":"wos@texasrenters.com"},{"address":"oa@texasrenters.com"}]}}},"extensions":{"cost":{"requestedQueryCost":13,"actualQueryCost":14,"throttleStatus":{"maximumAvailable":10000,"currentlyAvailable":9384,"restoreRate":500}},"versioning":{"version":"2025-01-20"}}}} 
[2025-07-31 19:48:48] local.INFO: Property: {"response":{"errors":[{"message":"Expected one of SCHEMA, SCALAR, TYPE, ENUM, INPUT, UNION, INTERFACE, actual: RCURLY (\"}\") at [17, 9]","locations":[{"line":17,"column":9}]}]}} 
[2025-07-31 19:48:48] local.ERROR: Undefined array key "data" {"exception":"[object] (ErrorException(code: 0): Undefined array key \"data\" at C:\\Projects\\tx_work_order\\app\\Console\\Commands\\ImportJobberJobs.php:76)
[stacktrace]
#0 C:\\Projects\\tx_work_order\\vendor\\laravel\\framework\\src\\Illuminate\\Foundation\\Bootstrap\\HandleExceptions.php(256): Illuminate\\Foundation\\Bootstrap\\HandleExceptions->handleError(2, 'Undefined array...', 'C:\\\\Projects\\\\tx_...', 76)
#1 C:\\Projects\\tx_work_order\\app\\Console\\Commands\\ImportJobberJobs.php(76): Illuminate\\Foundation\\Bootstrap\\HandleExceptions->Illuminate\\Foundation\\Bootstrap\\{closure}(2, 'Undefined array...', 'C:\\\\Projects\\\\tx_...', 76)
#2 C:\\Projects\\tx_work_order\\vendor\\laravel\\framework\\src\\Illuminate\\Container\\BoundMethod.php(36): App\\Console\\Commands\\ImportJobberJobs->handle()
#3 C:\\Projects\\tx_work_order\\vendor\\laravel\\framework\\src\\Illuminate\\Container\\Util.php(43): Illuminate\\Container\\BoundMethod::Illuminate\\Container\\{closure}()
#4 C:\\Projects\\tx_work_order\\vendor\\laravel\\framework\\src\\Illuminate\\Container\\BoundMethod.php(96): Illuminate\\Container\\Util::unwrapIfClosure(Object(Closure))
#5 C:\\Projects\\tx_work_order\\vendor\\laravel\\framework\\src\\Illuminate\\Container\\BoundMethod.php(35): Illuminate\\Container\\BoundMethod::callBoundMethod(Object(Illuminate\\Foundation\\Application), Array, Object(Closure))
#6 C:\\Projects\\tx_work_order\\vendor\\laravel\\framework\\src\\Illuminate\\Container\\Container.php(754): Illuminate\\Container\\BoundMethod::call(Object(Illuminate\\Foundation\\Application), Array, Array, NULL)
#7 C:\\Projects\\tx_work_order\\vendor\\laravel\\framework\\src\\Illuminate\\Console\\Command.php(211): Illuminate\\Container\\Container->call(Array)
#8 C:\\Projects\\tx_work_order\\vendor\\symfony\\console\\Command\\Command.php(318): Illuminate\\Console\\Command->execute(Object(Symfony\\Component\\Console\\Input\\ArgvInput), Object(Illuminate\\Console\\OutputStyle))
#9 C:\\Projects\\tx_work_order\\vendor\\laravel\\framework\\src\\Illuminate\\Console\\Command.php(180): Symfony\\Component\\Console\\Command\\Command->run(Object(Symfony\\Component\\Console\\Input\\ArgvInput), Object(Illuminate\\Console\\OutputStyle))
#10 C:\\Projects\\tx_work_order\\vendor\\symfony\\console\\Application.php(1092): Illuminate\\Console\\Command->run(Object(Symfony\\Component\\Console\\Input\\ArgvInput), Object(Symfony\\Component\\Console\\Output\\ConsoleOutput))
#11 C:\\Projects\\tx_work_order\\vendor\\symfony\\console\\Application.php(341): Symfony\\Component\\Console\\Application->doRunCommand(Object(App\\Console\\Commands\\ImportJobberJobs), Object(Symfony\\Component\\Console\\Input\\ArgvInput), Object(Symfony\\Component\\Console\\Output\\ConsoleOutput))
#12 C:\\Projects\\tx_work_order\\vendor\\symfony\\console\\Application.php(192): Symfony\\Component\\Console\\Application->doRun(Object(Symfony\\Component\\Console\\Input\\ArgvInput), Object(Symfony\\Component\\Console\\Output\\ConsoleOutput))
#13 C:\\Projects\\tx_work_order\\vendor\\laravel\\framework\\src\\Illuminate\\Foundation\\Console\\Kernel.php(197): Symfony\\Component\\Console\\Application->run(Object(Symfony\\Component\\Console\\Input\\ArgvInput), Object(Symfony\\Component\\Console\\Output\\ConsoleOutput))
#14 C:\\Projects\\tx_work_order\\vendor\\laravel\\framework\\src\\Illuminate\\Foundation\\Application.php(1234): Illuminate\\Foundation\\Console\\Kernel->handle(Object(Symfony\\Component\\Console\\Input\\ArgvInput), Object(Symfony\\Component\\Console\\Output\\ConsoleOutput))
#15 C:\\Projects\\tx_work_order\\artisan(13): Illuminate\\Foundation\\Application->handleCommand(Object(Symfony\\Component\\Console\\Input\\ArgvInput))
#16 {main}
"} 
[2025-07-31 19:49:14] local.INFO: Importing jobs from Jobber  
[2025-07-31 19:49:24] local.ERROR: cURL error 28: Failed to connect to api.getjobber.com port 443 after 10005 ms: Timeout was reached (see https://curl.haxx.se/libcurl/c/libcurl-errors.html) for https://api.getjobber.com/api/graphql {"exception":"[object] (Illuminate\\Http\\Client\\ConnectionException(code: 0): cURL error 28: Failed to connect to api.getjobber.com port 443 after 10005 ms: Timeout was reached (see https://curl.haxx.se/libcurl/c/libcurl-errors.html) for https://api.getjobber.com/api/graphql at C:\\Projects\\tx_work_order\\vendor\\laravel\\framework\\src\\Illuminate\\Http\\Client\\PendingRequest.php:1573)
[stacktrace]
#0 C:\\Projects\\tx_work_order\\vendor\\laravel\\framework\\src\\Illuminate\\Http\\Client\\PendingRequest.php(947): Illuminate\\Http\\Client\\PendingRequest->marshalConnectionException(Object(GuzzleHttp\\Exception\\ConnectException))
#1 C:\\Projects\\tx_work_order\\vendor\\laravel\\framework\\src\\Illuminate\\Support\\helpers.php(338): Illuminate\\Http\\Client\\PendingRequest->Illuminate\\Http\\Client\\{closure}(1)
#2 C:\\Projects\\tx_work_order\\vendor\\laravel\\framework\\src\\Illuminate\\Http\\Client\\PendingRequest.php(910): retry(0, Object(Closure), 100, Object(Closure))
#3 C:\\Projects\\tx_work_order\\vendor\\laravel\\framework\\src\\Illuminate\\Http\\Client\\PendingRequest.php(809): Illuminate\\Http\\Client\\PendingRequest->send('POST', 'https://api.get...', Array)
#4 C:\\Projects\\tx_work_order\\app\\Console\\Commands\\ImportJobberJobs.php(177): Illuminate\\Http\\Client\\PendingRequest->post('https://api.get...', Array)
#5 C:\\Projects\\tx_work_order\\app\\Console\\Commands\\ImportJobberJobs.php(25): App\\Console\\Commands\\ImportJobberJobs->getJobs()
#6 C:\\Projects\\tx_work_order\\vendor\\laravel\\framework\\src\\Illuminate\\Container\\BoundMethod.php(36): App\\Console\\Commands\\ImportJobberJobs->handle()
#7 C:\\Projects\\tx_work_order\\vendor\\laravel\\framework\\src\\Illuminate\\Container\\Util.php(43): Illuminate\\Container\\BoundMethod::Illuminate\\Container\\{closure}()
#8 C:\\Projects\\tx_work_order\\vendor\\laravel\\framework\\src\\Illuminate\\Container\\BoundMethod.php(96): Illuminate\\Container\\Util::unwrapIfClosure(Object(Closure))
#9 C:\\Projects\\tx_work_order\\vendor\\laravel\\framework\\src\\Illuminate\\Container\\BoundMethod.php(35): Illuminate\\Container\\BoundMethod::callBoundMethod(Object(Illuminate\\Foundation\\Application), Array, Object(Closure))
#10 C:\\Projects\\tx_work_order\\vendor\\laravel\\framework\\src\\Illuminate\\Container\\Container.php(754): Illuminate\\Container\\BoundMethod::call(Object(Illuminate\\Foundation\\Application), Array, Array, NULL)
#11 C:\\Projects\\tx_work_order\\vendor\\laravel\\framework\\src\\Illuminate\\Console\\Command.php(211): Illuminate\\Container\\Container->call(Array)
#12 C:\\Projects\\tx_work_order\\vendor\\symfony\\console\\Command\\Command.php(318): Illuminate\\Console\\Command->execute(Object(Symfony\\Component\\Console\\Input\\ArgvInput), Object(Illuminate\\Console\\OutputStyle))
#13 C:\\Projects\\tx_work_order\\vendor\\laravel\\framework\\src\\Illuminate\\Console\\Command.php(180): Symfony\\Component\\Console\\Command\\Command->run(Object(Symfony\\Component\\Console\\Input\\ArgvInput), Object(Illuminate\\Console\\OutputStyle))
#14 C:\\Projects\\tx_work_order\\vendor\\symfony\\console\\Application.php(1092): Illuminate\\Console\\Command->run(Object(Symfony\\Component\\Console\\Input\\ArgvInput), Object(Symfony\\Component\\Console\\Output\\ConsoleOutput))
#15 C:\\Projects\\tx_work_order\\vendor\\symfony\\console\\Application.php(341): Symfony\\Component\\Console\\Application->doRunCommand(Object(App\\Console\\Commands\\ImportJobberJobs), Object(Symfony\\Component\\Console\\Input\\ArgvInput), Object(Symfony\\Component\\Console\\Output\\ConsoleOutput))
#16 C:\\Projects\\tx_work_order\\vendor\\symfony\\console\\Application.php(192): Symfony\\Component\\Console\\Application->doRun(Object(Symfony\\Component\\Console\\Input\\ArgvInput), Object(Symfony\\Component\\Console\\Output\\ConsoleOutput))
#17 C:\\Projects\\tx_work_order\\vendor\\laravel\\framework\\src\\Illuminate\\Foundation\\Console\\Kernel.php(197): Symfony\\Component\\Console\\Application->run(Object(Symfony\\Component\\Console\\Input\\ArgvInput), Object(Symfony\\Component\\Console\\Output\\ConsoleOutput))
#18 C:\\Projects\\tx_work_order\\vendor\\laravel\\framework\\src\\Illuminate\\Foundation\\Application.php(1234): Illuminate\\Foundation\\Console\\Kernel->handle(Object(Symfony\\Component\\Console\\Input\\ArgvInput), Object(Symfony\\Component\\Console\\Output\\ConsoleOutput))
#19 C:\\Projects\\tx_work_order\\artisan(13): Illuminate\\Foundation\\Application->handleCommand(Object(Symfony\\Component\\Console\\Input\\ArgvInput))
#20 {main}

[previous exception] [object] (GuzzleHttp\\Exception\\ConnectException(code: 0): cURL error 28: Failed to connect to api.getjobber.com port 443 after 10005 ms: Timeout was reached (see https://curl.haxx.se/libcurl/c/libcurl-errors.html) for https://api.getjobber.com/api/graphql at C:\\Projects\\tx_work_order\\vendor\\guzzlehttp\\guzzle\\src\\Handler\\CurlFactory.php:275)
[stacktrace]
#0 C:\\Projects\\tx_work_order\\vendor\\guzzlehttp\\guzzle\\src\\Handler\\CurlFactory.php(205): GuzzleHttp\\Handler\\CurlFactory::createRejection(Object(GuzzleHttp\\Handler\\EasyHandle), Array)
#1 C:\\Projects\\tx_work_order\\vendor\\guzzlehttp\\guzzle\\src\\Handler\\CurlFactory.php(157): GuzzleHttp\\Handler\\CurlFactory::finishError(Object(GuzzleHttp\\Handler\\CurlHandler), Object(GuzzleHttp\\Handler\\EasyHandle), Object(GuzzleHttp\\Handler\\CurlFactory))
#2 C:\\Projects\\tx_work_order\\vendor\\guzzlehttp\\guzzle\\src\\Handler\\CurlHandler.php(47): GuzzleHttp\\Handler\\CurlFactory::finish(Object(GuzzleHttp\\Handler\\CurlHandler), Object(GuzzleHttp\\Handler\\EasyHandle), Object(GuzzleHttp\\Handler\\CurlFactory))
#3 C:\\Projects\\tx_work_order\\vendor\\guzzlehttp\\guzzle\\src\\Handler\\Proxy.php(28): GuzzleHttp\\Handler\\CurlHandler->__invoke(Object(GuzzleHttp\\Psr7\\Request), Array)
#4 C:\\Projects\\tx_work_order\\vendor\\guzzlehttp\\guzzle\\src\\Handler\\Proxy.php(48): GuzzleHttp\\Handler\\Proxy::GuzzleHttp\\Handler\\{closure}(Object(GuzzleHttp\\Psr7\\Request), Array)
#5 C:\\Projects\\tx_work_order\\vendor\\laravel\\framework\\src\\Illuminate\\Http\\Client\\PendingRequest.php(1355): GuzzleHttp\\Handler\\Proxy::GuzzleHttp\\Handler\\{closure}(Object(GuzzleHttp\\Psr7\\Request), Array)
#6 C:\\Projects\\tx_work_order\\vendor\\laravel\\framework\\src\\Illuminate\\Http\\Client\\PendingRequest.php(1321): Illuminate\\Http\\Client\\PendingRequest->Illuminate\\Http\\Client\\{closure}(Object(GuzzleHttp\\Psr7\\Request), Array)
#7 C:\\Projects\\tx_work_order\\vendor\\laravel\\framework\\src\\Illuminate\\Http\\Client\\PendingRequest.php(1307): Illuminate\\Http\\Client\\PendingRequest->Illuminate\\Http\\Client\\{closure}(Object(GuzzleHttp\\Psr7\\Request), Array)
#8 C:\\Projects\\tx_work_order\\vendor\\guzzlehttp\\guzzle\\src\\PrepareBodyMiddleware.php(64): Illuminate\\Http\\Client\\PendingRequest->Illuminate\\Http\\Client\\{closure}(Object(GuzzleHttp\\Psr7\\Request), Array)
#9 C:\\Projects\\tx_work_order\\vendor\\guzzlehttp\\guzzle\\src\\Middleware.php(38): GuzzleHttp\\PrepareBodyMiddleware->__invoke(Object(GuzzleHttp\\Psr7\\Request), Array)
#10 C:\\Projects\\tx_work_order\\vendor\\guzzlehttp\\guzzle\\src\\RedirectMiddleware.php(71): GuzzleHttp\\Middleware::GuzzleHttp\\{closure}(Object(GuzzleHttp\\Psr7\\Request), Array)
#11 C:\\Projects\\tx_work_order\\vendor\\guzzlehttp\\guzzle\\src\\Middleware.php(63): GuzzleHttp\\RedirectMiddleware->__invoke(Object(GuzzleHttp\\Psr7\\Request), Array)
#12 C:\\Projects\\tx_work_order\\vendor\\guzzlehttp\\guzzle\\src\\HandlerStack.php(75): GuzzleHttp\\Middleware::GuzzleHttp\\{closure}(Object(GuzzleHttp\\Psr7\\Request), Array)
#13 C:\\Projects\\tx_work_order\\vendor\\guzzlehttp\\guzzle\\src\\Client.php(333): GuzzleHttp\\HandlerStack->__invoke(Object(GuzzleHttp\\Psr7\\Request), Array)
#14 C:\\Projects\\tx_work_order\\vendor\\guzzlehttp\\guzzle\\src\\Client.php(169): GuzzleHttp\\Client->transfer(Object(GuzzleHttp\\Psr7\\Request), Array)
#15 C:\\Projects\\tx_work_order\\vendor\\guzzlehttp\\guzzle\\src\\Client.php(189): GuzzleHttp\\Client->requestAsync('POST', Object(GuzzleHttp\\Psr7\\Uri), Array)
#16 C:\\Projects\\tx_work_order\\vendor\\laravel\\framework\\src\\Illuminate\\Http\\Client\\PendingRequest.php(1153): GuzzleHttp\\Client->request('POST', 'https://api.get...', Array)
#17 C:\\Projects\\tx_work_order\\vendor\\laravel\\framework\\src\\Illuminate\\Http\\Client\\PendingRequest.php(912): Illuminate\\Http\\Client\\PendingRequest->sendRequest('POST', 'https://api.get...', Array)
#18 C:\\Projects\\tx_work_order\\vendor\\laravel\\framework\\src\\Illuminate\\Support\\helpers.php(338): Illuminate\\Http\\Client\\PendingRequest->Illuminate\\Http\\Client\\{closure}(1)
#19 C:\\Projects\\tx_work_order\\vendor\\laravel\\framework\\src\\Illuminate\\Http\\Client\\PendingRequest.php(910): retry(0, Object(Closure), 100, Object(Closure))
#20 C:\\Projects\\tx_work_order\\vendor\\laravel\\framework\\src\\Illuminate\\Http\\Client\\PendingRequest.php(809): Illuminate\\Http\\Client\\PendingRequest->send('POST', 'https://api.get...', Array)
#21 C:\\Projects\\tx_work_order\\app\\Console\\Commands\\ImportJobberJobs.php(177): Illuminate\\Http\\Client\\PendingRequest->post('https://api.get...', Array)
#22 C:\\Projects\\tx_work_order\\app\\Console\\Commands\\ImportJobberJobs.php(25): App\\Console\\Commands\\ImportJobberJobs->getJobs()
#23 C:\\Projects\\tx_work_order\\vendor\\laravel\\framework\\src\\Illuminate\\Container\\BoundMethod.php(36): App\\Console\\Commands\\ImportJobberJobs->handle()
#24 C:\\Projects\\tx_work_order\\vendor\\laravel\\framework\\src\\Illuminate\\Container\\Util.php(43): Illuminate\\Container\\BoundMethod::Illuminate\\Container\\{closure}()
#25 C:\\Projects\\tx_work_order\\vendor\\laravel\\framework\\src\\Illuminate\\Container\\BoundMethod.php(96): Illuminate\\Container\\Util::unwrapIfClosure(Object(Closure))
#26 C:\\Projects\\tx_work_order\\vendor\\laravel\\framework\\src\\Illuminate\\Container\\BoundMethod.php(35): Illuminate\\Container\\BoundMethod::callBoundMethod(Object(Illuminate\\Foundation\\Application), Array, Object(Closure))
#27 C:\\Projects\\tx_work_order\\vendor\\laravel\\framework\\src\\Illuminate\\Container\\Container.php(754): Illuminate\\Container\\BoundMethod::call(Object(Illuminate\\Foundation\\Application), Array, Array, NULL)
#28 C:\\Projects\\tx_work_order\\vendor\\laravel\\framework\\src\\Illuminate\\Console\\Command.php(211): Illuminate\\Container\\Container->call(Array)
#29 C:\\Projects\\tx_work_order\\vendor\\symfony\\console\\Command\\Command.php(318): Illuminate\\Console\\Command->execute(Object(Symfony\\Component\\Console\\Input\\ArgvInput), Object(Illuminate\\Console\\OutputStyle))
#30 C:\\Projects\\tx_work_order\\vendor\\laravel\\framework\\src\\Illuminate\\Console\\Command.php(180): Symfony\\Component\\Console\\Command\\Command->run(Object(Symfony\\Component\\Console\\Input\\ArgvInput), Object(Illuminate\\Console\\OutputStyle))
#31 C:\\Projects\\tx_work_order\\vendor\\symfony\\console\\Application.php(1092): Illuminate\\Console\\Command->run(Object(Symfony\\Component\\Console\\Input\\ArgvInput), Object(Symfony\\Component\\Console\\Output\\ConsoleOutput))
#32 C:\\Projects\\tx_work_order\\vendor\\symfony\\console\\Application.php(341): Symfony\\Component\\Console\\Application->doRunCommand(Object(App\\Console\\Commands\\ImportJobberJobs), Object(Symfony\\Component\\Console\\Input\\ArgvInput), Object(Symfony\\Component\\Console\\Output\\ConsoleOutput))
#33 C:\\Projects\\tx_work_order\\vendor\\symfony\\console\\Application.php(192): Symfony\\Component\\Console\\Application->doRun(Object(Symfony\\Component\\Console\\Input\\ArgvInput), Object(Symfony\\Component\\Console\\Output\\ConsoleOutput))
#34 C:\\Projects\\tx_work_order\\vendor\\laravel\\framework\\src\\Illuminate\\Foundation\\Console\\Kernel.php(197): Symfony\\Component\\Console\\Application->run(Object(Symfony\\Component\\Console\\Input\\ArgvInput), Object(Symfony\\Component\\Console\\Output\\ConsoleOutput))
#35 C:\\Projects\\tx_work_order\\vendor\\laravel\\framework\\src\\Illuminate\\Foundation\\Application.php(1234): Illuminate\\Foundation\\Console\\Kernel->handle(Object(Symfony\\Component\\Console\\Input\\ArgvInput), Object(Symfony\\Component\\Console\\Output\\ConsoleOutput))
#36 C:\\Projects\\tx_work_order\\artisan(13): Illuminate\\Foundation\\Application->handleCommand(Object(Symfony\\Component\\Console\\Input\\ArgvInput))
#37 {main}
"} 
[2025-07-31 19:49:28] local.INFO: Importing jobs from Jobber  
[2025-07-31 19:49:31] local.INFO: Client: {"response":{"data":{"job":{"client":{"id":"Z2lkOi8vSm9iYmVyL0NsaWVudC80NzM0MjMwMw==","firstName":"4811","lastName":"Caroline St","companyName":"4811 Caroline St","name":"4811 Caroline St","secondaryName":"4811 Caroline St","title":null,"balance":105.0,"jobberWebUri":"https://secure.getjobber.com/clients/47342303","emails":[{"address":"wos@texasrenters.com"},{"address":"oa@texasrenters.com"}]}}},"extensions":{"cost":{"requestedQueryCost":13,"actualQueryCost":14,"throttleStatus":{"maximumAvailable":10000,"currentlyAvailable":9384,"restoreRate":500}},"versioning":{"version":"2025-01-20"}}}} 
[2025-07-31 19:49:37] local.INFO: Property: {"response":{"errors":[{"message":"Expected one of SCHEMA, SCALAR, TYPE, ENUM, INPUT, UNION, INTERFACE, actual: RCURLY (\"}\") at [17, 9]","locations":[{"line":17,"column":9}]}]}} 
[2025-07-31 19:49:37] local.ERROR: Undefined array key "job" {"exception":"[object] (ErrorException(code: 0): Undefined array key \"job\" at C:\\Projects\\tx_work_order\\app\\Console\\Commands\\ImportJobberJobs.php:76)
[stacktrace]
#0 C:\\Projects\\tx_work_order\\vendor\\laravel\\framework\\src\\Illuminate\\Foundation\\Bootstrap\\HandleExceptions.php(256): Illuminate\\Foundation\\Bootstrap\\HandleExceptions->handleError(2, 'Undefined array...', 'C:\\\\Projects\\\\tx_...', 76)
#1 C:\\Projects\\tx_work_order\\app\\Console\\Commands\\ImportJobberJobs.php(76): Illuminate\\Foundation\\Bootstrap\\HandleExceptions->Illuminate\\Foundation\\Bootstrap\\{closure}(2, 'Undefined array...', 'C:\\\\Projects\\\\tx_...', 76)
#2 C:\\Projects\\tx_work_order\\vendor\\laravel\\framework\\src\\Illuminate\\Container\\BoundMethod.php(36): App\\Console\\Commands\\ImportJobberJobs->handle()
#3 C:\\Projects\\tx_work_order\\vendor\\laravel\\framework\\src\\Illuminate\\Container\\Util.php(43): Illuminate\\Container\\BoundMethod::Illuminate\\Container\\{closure}()
#4 C:\\Projects\\tx_work_order\\vendor\\laravel\\framework\\src\\Illuminate\\Container\\BoundMethod.php(96): Illuminate\\Container\\Util::unwrapIfClosure(Object(Closure))
#5 C:\\Projects\\tx_work_order\\vendor\\laravel\\framework\\src\\Illuminate\\Container\\BoundMethod.php(35): Illuminate\\Container\\BoundMethod::callBoundMethod(Object(Illuminate\\Foundation\\Application), Array, Object(Closure))
#6 C:\\Projects\\tx_work_order\\vendor\\laravel\\framework\\src\\Illuminate\\Container\\Container.php(754): Illuminate\\Container\\BoundMethod::call(Object(Illuminate\\Foundation\\Application), Array, Array, NULL)
#7 C:\\Projects\\tx_work_order\\vendor\\laravel\\framework\\src\\Illuminate\\Console\\Command.php(211): Illuminate\\Container\\Container->call(Array)
#8 C:\\Projects\\tx_work_order\\vendor\\symfony\\console\\Command\\Command.php(318): Illuminate\\Console\\Command->execute(Object(Symfony\\Component\\Console\\Input\\ArgvInput), Object(Illuminate\\Console\\OutputStyle))
#9 C:\\Projects\\tx_work_order\\vendor\\laravel\\framework\\src\\Illuminate\\Console\\Command.php(180): Symfony\\Component\\Console\\Command\\Command->run(Object(Symfony\\Component\\Console\\Input\\ArgvInput), Object(Illuminate\\Console\\OutputStyle))
#10 C:\\Projects\\tx_work_order\\vendor\\symfony\\console\\Application.php(1092): Illuminate\\Console\\Command->run(Object(Symfony\\Component\\Console\\Input\\ArgvInput), Object(Symfony\\Component\\Console\\Output\\ConsoleOutput))
#11 C:\\Projects\\tx_work_order\\vendor\\symfony\\console\\Application.php(341): Symfony\\Component\\Console\\Application->doRunCommand(Object(App\\Console\\Commands\\ImportJobberJobs), Object(Symfony\\Component\\Console\\Input\\ArgvInput), Object(Symfony\\Component\\Console\\Output\\ConsoleOutput))
#12 C:\\Projects\\tx_work_order\\vendor\\symfony\\console\\Application.php(192): Symfony\\Component\\Console\\Application->doRun(Object(Symfony\\Component\\Console\\Input\\ArgvInput), Object(Symfony\\Component\\Console\\Output\\ConsoleOutput))
#13 C:\\Projects\\tx_work_order\\vendor\\laravel\\framework\\src\\Illuminate\\Foundation\\Console\\Kernel.php(197): Symfony\\Component\\Console\\Application->run(Object(Symfony\\Component\\Console\\Input\\ArgvInput), Object(Symfony\\Component\\Console\\Output\\ConsoleOutput))
#14 C:\\Projects\\tx_work_order\\vendor\\laravel\\framework\\src\\Illuminate\\Foundation\\Application.php(1234): Illuminate\\Foundation\\Console\\Kernel->handle(Object(Symfony\\Component\\Console\\Input\\ArgvInput), Object(Symfony\\Component\\Console\\Output\\ConsoleOutput))
#15 C:\\Projects\\tx_work_order\\artisan(13): Illuminate\\Foundation\\Application->handleCommand(Object(Symfony\\Component\\Console\\Input\\ArgvInput))
#16 {main}
"} 
[2025-07-31 19:51:26] local.INFO: Importing jobs from Jobber  
[2025-07-31 19:51:36] local.ERROR: cURL error 28: Failed to connect to api.getjobber.com port 443 after 10004 ms: Timeout was reached (see https://curl.haxx.se/libcurl/c/libcurl-errors.html) for https://api.getjobber.com/api/graphql {"exception":"[object] (Illuminate\\Http\\Client\\ConnectionException(code: 0): cURL error 28: Failed to connect to api.getjobber.com port 443 after 10004 ms: Timeout was reached (see https://curl.haxx.se/libcurl/c/libcurl-errors.html) for https://api.getjobber.com/api/graphql at C:\\Projects\\tx_work_order\\vendor\\laravel\\framework\\src\\Illuminate\\Http\\Client\\PendingRequest.php:1573)
[stacktrace]
#0 C:\\Projects\\tx_work_order\\vendor\\laravel\\framework\\src\\Illuminate\\Http\\Client\\PendingRequest.php(947): Illuminate\\Http\\Client\\PendingRequest->marshalConnectionException(Object(GuzzleHttp\\Exception\\ConnectException))
#1 C:\\Projects\\tx_work_order\\vendor\\laravel\\framework\\src\\Illuminate\\Support\\helpers.php(338): Illuminate\\Http\\Client\\PendingRequest->Illuminate\\Http\\Client\\{closure}(1)
#2 C:\\Projects\\tx_work_order\\vendor\\laravel\\framework\\src\\Illuminate\\Http\\Client\\PendingRequest.php(910): retry(0, Object(Closure), 100, Object(Closure))
#3 C:\\Projects\\tx_work_order\\vendor\\laravel\\framework\\src\\Illuminate\\Http\\Client\\PendingRequest.php(809): Illuminate\\Http\\Client\\PendingRequest->send('POST', 'https://api.get...', Array)
#4 C:\\Projects\\tx_work_order\\app\\Console\\Commands\\ImportJobberJobs.php(177): Illuminate\\Http\\Client\\PendingRequest->post('https://api.get...', Array)
#5 C:\\Projects\\tx_work_order\\app\\Console\\Commands\\ImportJobberJobs.php(25): App\\Console\\Commands\\ImportJobberJobs->getJobs()
#6 C:\\Projects\\tx_work_order\\vendor\\laravel\\framework\\src\\Illuminate\\Container\\BoundMethod.php(36): App\\Console\\Commands\\ImportJobberJobs->handle()
#7 C:\\Projects\\tx_work_order\\vendor\\laravel\\framework\\src\\Illuminate\\Container\\Util.php(43): Illuminate\\Container\\BoundMethod::Illuminate\\Container\\{closure}()
#8 C:\\Projects\\tx_work_order\\vendor\\laravel\\framework\\src\\Illuminate\\Container\\BoundMethod.php(96): Illuminate\\Container\\Util::unwrapIfClosure(Object(Closure))
#9 C:\\Projects\\tx_work_order\\vendor\\laravel\\framework\\src\\Illuminate\\Container\\BoundMethod.php(35): Illuminate\\Container\\BoundMethod::callBoundMethod(Object(Illuminate\\Foundation\\Application), Array, Object(Closure))
#10 C:\\Projects\\tx_work_order\\vendor\\laravel\\framework\\src\\Illuminate\\Container\\Container.php(754): Illuminate\\Container\\BoundMethod::call(Object(Illuminate\\Foundation\\Application), Array, Array, NULL)
#11 C:\\Projects\\tx_work_order\\vendor\\laravel\\framework\\src\\Illuminate\\Console\\Command.php(211): Illuminate\\Container\\Container->call(Array)
#12 C:\\Projects\\tx_work_order\\vendor\\symfony\\console\\Command\\Command.php(318): Illuminate\\Console\\Command->execute(Object(Symfony\\Component\\Console\\Input\\ArgvInput), Object(Illuminate\\Console\\OutputStyle))
#13 C:\\Projects\\tx_work_order\\vendor\\laravel\\framework\\src\\Illuminate\\Console\\Command.php(180): Symfony\\Component\\Console\\Command\\Command->run(Object(Symfony\\Component\\Console\\Input\\ArgvInput), Object(Illuminate\\Console\\OutputStyle))
#14 C:\\Projects\\tx_work_order\\vendor\\symfony\\console\\Application.php(1092): Illuminate\\Console\\Command->run(Object(Symfony\\Component\\Console\\Input\\ArgvInput), Object(Symfony\\Component\\Console\\Output\\ConsoleOutput))
#15 C:\\Projects\\tx_work_order\\vendor\\symfony\\console\\Application.php(341): Symfony\\Component\\Console\\Application->doRunCommand(Object(App\\Console\\Commands\\ImportJobberJobs), Object(Symfony\\Component\\Console\\Input\\ArgvInput), Object(Symfony\\Component\\Console\\Output\\ConsoleOutput))
#16 C:\\Projects\\tx_work_order\\vendor\\symfony\\console\\Application.php(192): Symfony\\Component\\Console\\Application->doRun(Object(Symfony\\Component\\Console\\Input\\ArgvInput), Object(Symfony\\Component\\Console\\Output\\ConsoleOutput))
#17 C:\\Projects\\tx_work_order\\vendor\\laravel\\framework\\src\\Illuminate\\Foundation\\Console\\Kernel.php(197): Symfony\\Component\\Console\\Application->run(Object(Symfony\\Component\\Console\\Input\\ArgvInput), Object(Symfony\\Component\\Console\\Output\\ConsoleOutput))
#18 C:\\Projects\\tx_work_order\\vendor\\laravel\\framework\\src\\Illuminate\\Foundation\\Application.php(1234): Illuminate\\Foundation\\Console\\Kernel->handle(Object(Symfony\\Component\\Console\\Input\\ArgvInput), Object(Symfony\\Component\\Console\\Output\\ConsoleOutput))
#19 C:\\Projects\\tx_work_order\\artisan(13): Illuminate\\Foundation\\Application->handleCommand(Object(Symfony\\Component\\Console\\Input\\ArgvInput))
#20 {main}

[previous exception] [object] (GuzzleHttp\\Exception\\ConnectException(code: 0): cURL error 28: Failed to connect to api.getjobber.com port 443 after 10004 ms: Timeout was reached (see https://curl.haxx.se/libcurl/c/libcurl-errors.html) for https://api.getjobber.com/api/graphql at C:\\Projects\\tx_work_order\\vendor\\guzzlehttp\\guzzle\\src\\Handler\\CurlFactory.php:275)
[stacktrace]
#0 C:\\Projects\\tx_work_order\\vendor\\guzzlehttp\\guzzle\\src\\Handler\\CurlFactory.php(205): GuzzleHttp\\Handler\\CurlFactory::createRejection(Object(GuzzleHttp\\Handler\\EasyHandle), Array)
#1 C:\\Projects\\tx_work_order\\vendor\\guzzlehttp\\guzzle\\src\\Handler\\CurlFactory.php(157): GuzzleHttp\\Handler\\CurlFactory::finishError(Object(GuzzleHttp\\Handler\\CurlHandler), Object(GuzzleHttp\\Handler\\EasyHandle), Object(GuzzleHttp\\Handler\\CurlFactory))
#2 C:\\Projects\\tx_work_order\\vendor\\guzzlehttp\\guzzle\\src\\Handler\\CurlHandler.php(47): GuzzleHttp\\Handler\\CurlFactory::finish(Object(GuzzleHttp\\Handler\\CurlHandler), Object(GuzzleHttp\\Handler\\EasyHandle), Object(GuzzleHttp\\Handler\\CurlFactory))
#3 C:\\Projects\\tx_work_order\\vendor\\guzzlehttp\\guzzle\\src\\Handler\\Proxy.php(28): GuzzleHttp\\Handler\\CurlHandler->__invoke(Object(GuzzleHttp\\Psr7\\Request), Array)
#4 C:\\Projects\\tx_work_order\\vendor\\guzzlehttp\\guzzle\\src\\Handler\\Proxy.php(48): GuzzleHttp\\Handler\\Proxy::GuzzleHttp\\Handler\\{closure}(Object(GuzzleHttp\\Psr7\\Request), Array)
#5 C:\\Projects\\tx_work_order\\vendor\\laravel\\framework\\src\\Illuminate\\Http\\Client\\PendingRequest.php(1355): GuzzleHttp\\Handler\\Proxy::GuzzleHttp\\Handler\\{closure}(Object(GuzzleHttp\\Psr7\\Request), Array)
#6 C:\\Projects\\tx_work_order\\vendor\\laravel\\framework\\src\\Illuminate\\Http\\Client\\PendingRequest.php(1321): Illuminate\\Http\\Client\\PendingRequest->Illuminate\\Http\\Client\\{closure}(Object(GuzzleHttp\\Psr7\\Request), Array)
#7 C:\\Projects\\tx_work_order\\vendor\\laravel\\framework\\src\\Illuminate\\Http\\Client\\PendingRequest.php(1307): Illuminate\\Http\\Client\\PendingRequest->Illuminate\\Http\\Client\\{closure}(Object(GuzzleHttp\\Psr7\\Request), Array)
#8 C:\\Projects\\tx_work_order\\vendor\\guzzlehttp\\guzzle\\src\\PrepareBodyMiddleware.php(64): Illuminate\\Http\\Client\\PendingRequest->Illuminate\\Http\\Client\\{closure}(Object(GuzzleHttp\\Psr7\\Request), Array)
#9 C:\\Projects\\tx_work_order\\vendor\\guzzlehttp\\guzzle\\src\\Middleware.php(38): GuzzleHttp\\PrepareBodyMiddleware->__invoke(Object(GuzzleHttp\\Psr7\\Request), Array)
#10 C:\\Projects\\tx_work_order\\vendor\\guzzlehttp\\guzzle\\src\\RedirectMiddleware.php(71): GuzzleHttp\\Middleware::GuzzleHttp\\{closure}(Object(GuzzleHttp\\Psr7\\Request), Array)
#11 C:\\Projects\\tx_work_order\\vendor\\guzzlehttp\\guzzle\\src\\Middleware.php(63): GuzzleHttp\\RedirectMiddleware->__invoke(Object(GuzzleHttp\\Psr7\\Request), Array)
#12 C:\\Projects\\tx_work_order\\vendor\\guzzlehttp\\guzzle\\src\\HandlerStack.php(75): GuzzleHttp\\Middleware::GuzzleHttp\\{closure}(Object(GuzzleHttp\\Psr7\\Request), Array)
#13 C:\\Projects\\tx_work_order\\vendor\\guzzlehttp\\guzzle\\src\\Client.php(333): GuzzleHttp\\HandlerStack->__invoke(Object(GuzzleHttp\\Psr7\\Request), Array)
#14 C:\\Projects\\tx_work_order\\vendor\\guzzlehttp\\guzzle\\src\\Client.php(169): GuzzleHttp\\Client->transfer(Object(GuzzleHttp\\Psr7\\Request), Array)
#15 C:\\Projects\\tx_work_order\\vendor\\guzzlehttp\\guzzle\\src\\Client.php(189): GuzzleHttp\\Client->requestAsync('POST', Object(GuzzleHttp\\Psr7\\Uri), Array)
#16 C:\\Projects\\tx_work_order\\vendor\\laravel\\framework\\src\\Illuminate\\Http\\Client\\PendingRequest.php(1153): GuzzleHttp\\Client->request('POST', 'https://api.get...', Array)
#17 C:\\Projects\\tx_work_order\\vendor\\laravel\\framework\\src\\Illuminate\\Http\\Client\\PendingRequest.php(912): Illuminate\\Http\\Client\\PendingRequest->sendRequest('POST', 'https://api.get...', Array)
#18 C:\\Projects\\tx_work_order\\vendor\\laravel\\framework\\src\\Illuminate\\Support\\helpers.php(338): Illuminate\\Http\\Client\\PendingRequest->Illuminate\\Http\\Client\\{closure}(1)
#19 C:\\Projects\\tx_work_order\\vendor\\laravel\\framework\\src\\Illuminate\\Http\\Client\\PendingRequest.php(910): retry(0, Object(Closure), 100, Object(Closure))
#20 C:\\Projects\\tx_work_order\\vendor\\laravel\\framework\\src\\Illuminate\\Http\\Client\\PendingRequest.php(809): Illuminate\\Http\\Client\\PendingRequest->send('POST', 'https://api.get...', Array)
#21 C:\\Projects\\tx_work_order\\app\\Console\\Commands\\ImportJobberJobs.php(177): Illuminate\\Http\\Client\\PendingRequest->post('https://api.get...', Array)
#22 C:\\Projects\\tx_work_order\\app\\Console\\Commands\\ImportJobberJobs.php(25): App\\Console\\Commands\\ImportJobberJobs->getJobs()
#23 C:\\Projects\\tx_work_order\\vendor\\laravel\\framework\\src\\Illuminate\\Container\\BoundMethod.php(36): App\\Console\\Commands\\ImportJobberJobs->handle()
#24 C:\\Projects\\tx_work_order\\vendor\\laravel\\framework\\src\\Illuminate\\Container\\Util.php(43): Illuminate\\Container\\BoundMethod::Illuminate\\Container\\{closure}()
#25 C:\\Projects\\tx_work_order\\vendor\\laravel\\framework\\src\\Illuminate\\Container\\BoundMethod.php(96): Illuminate\\Container\\Util::unwrapIfClosure(Object(Closure))
#26 C:\\Projects\\tx_work_order\\vendor\\laravel\\framework\\src\\Illuminate\\Container\\BoundMethod.php(35): Illuminate\\Container\\BoundMethod::callBoundMethod(Object(Illuminate\\Foundation\\Application), Array, Object(Closure))
#27 C:\\Projects\\tx_work_order\\vendor\\laravel\\framework\\src\\Illuminate\\Container\\Container.php(754): Illuminate\\Container\\BoundMethod::call(Object(Illuminate\\Foundation\\Application), Array, Array, NULL)
#28 C:\\Projects\\tx_work_order\\vendor\\laravel\\framework\\src\\Illuminate\\Console\\Command.php(211): Illuminate\\Container\\Container->call(Array)
#29 C:\\Projects\\tx_work_order\\vendor\\symfony\\console\\Command\\Command.php(318): Illuminate\\Console\\Command->execute(Object(Symfony\\Component\\Console\\Input\\ArgvInput), Object(Illuminate\\Console\\OutputStyle))
#30 C:\\Projects\\tx_work_order\\vendor\\laravel\\framework\\src\\Illuminate\\Console\\Command.php(180): Symfony\\Component\\Console\\Command\\Command->run(Object(Symfony\\Component\\Console\\Input\\ArgvInput), Object(Illuminate\\Console\\OutputStyle))
#31 C:\\Projects\\tx_work_order\\vendor\\symfony\\console\\Application.php(1092): Illuminate\\Console\\Command->run(Object(Symfony\\Component\\Console\\Input\\ArgvInput), Object(Symfony\\Component\\Console\\Output\\ConsoleOutput))
#32 C:\\Projects\\tx_work_order\\vendor\\symfony\\console\\Application.php(341): Symfony\\Component\\Console\\Application->doRunCommand(Object(App\\Console\\Commands\\ImportJobberJobs), Object(Symfony\\Component\\Console\\Input\\ArgvInput), Object(Symfony\\Component\\Console\\Output\\ConsoleOutput))
#33 C:\\Projects\\tx_work_order\\vendor\\symfony\\console\\Application.php(192): Symfony\\Component\\Console\\Application->doRun(Object(Symfony\\Component\\Console\\Input\\ArgvInput), Object(Symfony\\Component\\Console\\Output\\ConsoleOutput))
#34 C:\\Projects\\tx_work_order\\vendor\\laravel\\framework\\src\\Illuminate\\Foundation\\Console\\Kernel.php(197): Symfony\\Component\\Console\\Application->run(Object(Symfony\\Component\\Console\\Input\\ArgvInput), Object(Symfony\\Component\\Console\\Output\\ConsoleOutput))
#35 C:\\Projects\\tx_work_order\\vendor\\laravel\\framework\\src\\Illuminate\\Foundation\\Application.php(1234): Illuminate\\Foundation\\Console\\Kernel->handle(Object(Symfony\\Component\\Console\\Input\\ArgvInput), Object(Symfony\\Component\\Console\\Output\\ConsoleOutput))
#36 C:\\Projects\\tx_work_order\\artisan(13): Illuminate\\Foundation\\Application->handleCommand(Object(Symfony\\Component\\Console\\Input\\ArgvInput))
#37 {main}
"} 
[2025-07-31 19:51:41] local.INFO: Importing jobs from Jobber  
[2025-07-31 19:51:51] local.ERROR: cURL error 28: Failed to connect to api.getjobber.com port 443 after 10008 ms: Timeout was reached (see https://curl.haxx.se/libcurl/c/libcurl-errors.html) for https://api.getjobber.com/api/graphql {"exception":"[object] (Illuminate\\Http\\Client\\ConnectionException(code: 0): cURL error 28: Failed to connect to api.getjobber.com port 443 after 10008 ms: Timeout was reached (see https://curl.haxx.se/libcurl/c/libcurl-errors.html) for https://api.getjobber.com/api/graphql at C:\\Projects\\tx_work_order\\vendor\\laravel\\framework\\src\\Illuminate\\Http\\Client\\PendingRequest.php:1573)
[stacktrace]
#0 C:\\Projects\\tx_work_order\\vendor\\laravel\\framework\\src\\Illuminate\\Http\\Client\\PendingRequest.php(947): Illuminate\\Http\\Client\\PendingRequest->marshalConnectionException(Object(GuzzleHttp\\Exception\\ConnectException))
#1 C:\\Projects\\tx_work_order\\vendor\\laravel\\framework\\src\\Illuminate\\Support\\helpers.php(338): Illuminate\\Http\\Client\\PendingRequest->Illuminate\\Http\\Client\\{closure}(1)
#2 C:\\Projects\\tx_work_order\\vendor\\laravel\\framework\\src\\Illuminate\\Http\\Client\\PendingRequest.php(910): retry(0, Object(Closure), 100, Object(Closure))
#3 C:\\Projects\\tx_work_order\\vendor\\laravel\\framework\\src\\Illuminate\\Http\\Client\\PendingRequest.php(809): Illuminate\\Http\\Client\\PendingRequest->send('POST', 'https://api.get...', Array)
#4 C:\\Projects\\tx_work_order\\app\\Console\\Commands\\ImportJobberJobs.php(177): Illuminate\\Http\\Client\\PendingRequest->post('https://api.get...', Array)
#5 C:\\Projects\\tx_work_order\\app\\Console\\Commands\\ImportJobberJobs.php(25): App\\Console\\Commands\\ImportJobberJobs->getJobs()
#6 C:\\Projects\\tx_work_order\\vendor\\laravel\\framework\\src\\Illuminate\\Container\\BoundMethod.php(36): App\\Console\\Commands\\ImportJobberJobs->handle()
#7 C:\\Projects\\tx_work_order\\vendor\\laravel\\framework\\src\\Illuminate\\Container\\Util.php(43): Illuminate\\Container\\BoundMethod::Illuminate\\Container\\{closure}()
#8 C:\\Projects\\tx_work_order\\vendor\\laravel\\framework\\src\\Illuminate\\Container\\BoundMethod.php(96): Illuminate\\Container\\Util::unwrapIfClosure(Object(Closure))
#9 C:\\Projects\\tx_work_order\\vendor\\laravel\\framework\\src\\Illuminate\\Container\\BoundMethod.php(35): Illuminate\\Container\\BoundMethod::callBoundMethod(Object(Illuminate\\Foundation\\Application), Array, Object(Closure))
#10 C:\\Projects\\tx_work_order\\vendor\\laravel\\framework\\src\\Illuminate\\Container\\Container.php(754): Illuminate\\Container\\BoundMethod::call(Object(Illuminate\\Foundation\\Application), Array, Array, NULL)
#11 C:\\Projects\\tx_work_order\\vendor\\laravel\\framework\\src\\Illuminate\\Console\\Command.php(211): Illuminate\\Container\\Container->call(Array)
#12 C:\\Projects\\tx_work_order\\vendor\\symfony\\console\\Command\\Command.php(318): Illuminate\\Console\\Command->execute(Object(Symfony\\Component\\Console\\Input\\ArgvInput), Object(Illuminate\\Console\\OutputStyle))
#13 C:\\Projects\\tx_work_order\\vendor\\laravel\\framework\\src\\Illuminate\\Console\\Command.php(180): Symfony\\Component\\Console\\Command\\Command->run(Object(Symfony\\Component\\Console\\Input\\ArgvInput), Object(Illuminate\\Console\\OutputStyle))
#14 C:\\Projects\\tx_work_order\\vendor\\symfony\\console\\Application.php(1092): Illuminate\\Console\\Command->run(Object(Symfony\\Component\\Console\\Input\\ArgvInput), Object(Symfony\\Component\\Console\\Output\\ConsoleOutput))
#15 C:\\Projects\\tx_work_order\\vendor\\symfony\\console\\Application.php(341): Symfony\\Component\\Console\\Application->doRunCommand(Object(App\\Console\\Commands\\ImportJobberJobs), Object(Symfony\\Component\\Console\\Input\\ArgvInput), Object(Symfony\\Component\\Console\\Output\\ConsoleOutput))
#16 C:\\Projects\\tx_work_order\\vendor\\symfony\\console\\Application.php(192): Symfony\\Component\\Console\\Application->doRun(Object(Symfony\\Component\\Console\\Input\\ArgvInput), Object(Symfony\\Component\\Console\\Output\\ConsoleOutput))
#17 C:\\Projects\\tx_work_order\\vendor\\laravel\\framework\\src\\Illuminate\\Foundation\\Console\\Kernel.php(197): Symfony\\Component\\Console\\Application->run(Object(Symfony\\Component\\Console\\Input\\ArgvInput), Object(Symfony\\Component\\Console\\Output\\ConsoleOutput))
#18 C:\\Projects\\tx_work_order\\vendor\\laravel\\framework\\src\\Illuminate\\Foundation\\Application.php(1234): Illuminate\\Foundation\\Console\\Kernel->handle(Object(Symfony\\Component\\Console\\Input\\ArgvInput), Object(Symfony\\Component\\Console\\Output\\ConsoleOutput))
#19 C:\\Projects\\tx_work_order\\artisan(13): Illuminate\\Foundation\\Application->handleCommand(Object(Symfony\\Component\\Console\\Input\\ArgvInput))
#20 {main}

[previous exception] [object] (GuzzleHttp\\Exception\\ConnectException(code: 0): cURL error 28: Failed to connect to api.getjobber.com port 443 after 10008 ms: Timeout was reached (see https://curl.haxx.se/libcurl/c/libcurl-errors.html) for https://api.getjobber.com/api/graphql at C:\\Projects\\tx_work_order\\vendor\\guzzlehttp\\guzzle\\src\\Handler\\CurlFactory.php:275)
[stacktrace]
#0 C:\\Projects\\tx_work_order\\vendor\\guzzlehttp\\guzzle\\src\\Handler\\CurlFactory.php(205): GuzzleHttp\\Handler\\CurlFactory::createRejection(Object(GuzzleHttp\\Handler\\EasyHandle), Array)
#1 C:\\Projects\\tx_work_order\\vendor\\guzzlehttp\\guzzle\\src\\Handler\\CurlFactory.php(157): GuzzleHttp\\Handler\\CurlFactory::finishError(Object(GuzzleHttp\\Handler\\CurlHandler), Object(GuzzleHttp\\Handler\\EasyHandle), Object(GuzzleHttp\\Handler\\CurlFactory))
#2 C:\\Projects\\tx_work_order\\vendor\\guzzlehttp\\guzzle\\src\\Handler\\CurlHandler.php(47): GuzzleHttp\\Handler\\CurlFactory::finish(Object(GuzzleHttp\\Handler\\CurlHandler), Object(GuzzleHttp\\Handler\\EasyHandle), Object(GuzzleHttp\\Handler\\CurlFactory))
#3 C:\\Projects\\tx_work_order\\vendor\\guzzlehttp\\guzzle\\src\\Handler\\Proxy.php(28): GuzzleHttp\\Handler\\CurlHandler->__invoke(Object(GuzzleHttp\\Psr7\\Request), Array)
#4 C:\\Projects\\tx_work_order\\vendor\\guzzlehttp\\guzzle\\src\\Handler\\Proxy.php(48): GuzzleHttp\\Handler\\Proxy::GuzzleHttp\\Handler\\{closure}(Object(GuzzleHttp\\Psr7\\Request), Array)
#5 C:\\Projects\\tx_work_order\\vendor\\laravel\\framework\\src\\Illuminate\\Http\\Client\\PendingRequest.php(1355): GuzzleHttp\\Handler\\Proxy::GuzzleHttp\\Handler\\{closure}(Object(GuzzleHttp\\Psr7\\Request), Array)
#6 C:\\Projects\\tx_work_order\\vendor\\laravel\\framework\\src\\Illuminate\\Http\\Client\\PendingRequest.php(1321): Illuminate\\Http\\Client\\PendingRequest->Illuminate\\Http\\Client\\{closure}(Object(GuzzleHttp\\Psr7\\Request), Array)
#7 C:\\Projects\\tx_work_order\\vendor\\laravel\\framework\\src\\Illuminate\\Http\\Client\\PendingRequest.php(1307): Illuminate\\Http\\Client\\PendingRequest->Illuminate\\Http\\Client\\{closure}(Object(GuzzleHttp\\Psr7\\Request), Array)
#8 C:\\Projects\\tx_work_order\\vendor\\guzzlehttp\\guzzle\\src\\PrepareBodyMiddleware.php(64): Illuminate\\Http\\Client\\PendingRequest->Illuminate\\Http\\Client\\{closure}(Object(GuzzleHttp\\Psr7\\Request), Array)
#9 C:\\Projects\\tx_work_order\\vendor\\guzzlehttp\\guzzle\\src\\Middleware.php(38): GuzzleHttp\\PrepareBodyMiddleware->__invoke(Object(GuzzleHttp\\Psr7\\Request), Array)
#10 C:\\Projects\\tx_work_order\\vendor\\guzzlehttp\\guzzle\\src\\RedirectMiddleware.php(71): GuzzleHttp\\Middleware::GuzzleHttp\\{closure}(Object(GuzzleHttp\\Psr7\\Request), Array)
#11 C:\\Projects\\tx_work_order\\vendor\\guzzlehttp\\guzzle\\src\\Middleware.php(63): GuzzleHttp\\RedirectMiddleware->__invoke(Object(GuzzleHttp\\Psr7\\Request), Array)
#12 C:\\Projects\\tx_work_order\\vendor\\guzzlehttp\\guzzle\\src\\HandlerStack.php(75): GuzzleHttp\\Middleware::GuzzleHttp\\{closure}(Object(GuzzleHttp\\Psr7\\Request), Array)
#13 C:\\Projects\\tx_work_order\\vendor\\guzzlehttp\\guzzle\\src\\Client.php(333): GuzzleHttp\\HandlerStack->__invoke(Object(GuzzleHttp\\Psr7\\Request), Array)
#14 C:\\Projects\\tx_work_order\\vendor\\guzzlehttp\\guzzle\\src\\Client.php(169): GuzzleHttp\\Client->transfer(Object(GuzzleHttp\\Psr7\\Request), Array)
#15 C:\\Projects\\tx_work_order\\vendor\\guzzlehttp\\guzzle\\src\\Client.php(189): GuzzleHttp\\Client->requestAsync('POST', Object(GuzzleHttp\\Psr7\\Uri), Array)
#16 C:\\Projects\\tx_work_order\\vendor\\laravel\\framework\\src\\Illuminate\\Http\\Client\\PendingRequest.php(1153): GuzzleHttp\\Client->request('POST', 'https://api.get...', Array)
#17 C:\\Projects\\tx_work_order\\vendor\\laravel\\framework\\src\\Illuminate\\Http\\Client\\PendingRequest.php(912): Illuminate\\Http\\Client\\PendingRequest->sendRequest('POST', 'https://api.get...', Array)
#18 C:\\Projects\\tx_work_order\\vendor\\laravel\\framework\\src\\Illuminate\\Support\\helpers.php(338): Illuminate\\Http\\Client\\PendingRequest->Illuminate\\Http\\Client\\{closure}(1)
#19 C:\\Projects\\tx_work_order\\vendor\\laravel\\framework\\src\\Illuminate\\Http\\Client\\PendingRequest.php(910): retry(0, Object(Closure), 100, Object(Closure))
#20 C:\\Projects\\tx_work_order\\vendor\\laravel\\framework\\src\\Illuminate\\Http\\Client\\PendingRequest.php(809): Illuminate\\Http\\Client\\PendingRequest->send('POST', 'https://api.get...', Array)
#21 C:\\Projects\\tx_work_order\\app\\Console\\Commands\\ImportJobberJobs.php(177): Illuminate\\Http\\Client\\PendingRequest->post('https://api.get...', Array)
#22 C:\\Projects\\tx_work_order\\app\\Console\\Commands\\ImportJobberJobs.php(25): App\\Console\\Commands\\ImportJobberJobs->getJobs()
#23 C:\\Projects\\tx_work_order\\vendor\\laravel\\framework\\src\\Illuminate\\Container\\BoundMethod.php(36): App\\Console\\Commands\\ImportJobberJobs->handle()
#24 C:\\Projects\\tx_work_order\\vendor\\laravel\\framework\\src\\Illuminate\\Container\\Util.php(43): Illuminate\\Container\\BoundMethod::Illuminate\\Container\\{closure}()
#25 C:\\Projects\\tx_work_order\\vendor\\laravel\\framework\\src\\Illuminate\\Container\\BoundMethod.php(96): Illuminate\\Container\\Util::unwrapIfClosure(Object(Closure))
#26 C:\\Projects\\tx_work_order\\vendor\\laravel\\framework\\src\\Illuminate\\Container\\BoundMethod.php(35): Illuminate\\Container\\BoundMethod::callBoundMethod(Object(Illuminate\\Foundation\\Application), Array, Object(Closure))
#27 C:\\Projects\\tx_work_order\\vendor\\laravel\\framework\\src\\Illuminate\\Container\\Container.php(754): Illuminate\\Container\\BoundMethod::call(Object(Illuminate\\Foundation\\Application), Array, Array, NULL)
#28 C:\\Projects\\tx_work_order\\vendor\\laravel\\framework\\src\\Illuminate\\Console\\Command.php(211): Illuminate\\Container\\Container->call(Array)
#29 C:\\Projects\\tx_work_order\\vendor\\symfony\\console\\Command\\Command.php(318): Illuminate\\Console\\Command->execute(Object(Symfony\\Component\\Console\\Input\\ArgvInput), Object(Illuminate\\Console\\OutputStyle))
#30 C:\\Projects\\tx_work_order\\vendor\\laravel\\framework\\src\\Illuminate\\Console\\Command.php(180): Symfony\\Component\\Console\\Command\\Command->run(Object(Symfony\\Component\\Console\\Input\\ArgvInput), Object(Illuminate\\Console\\OutputStyle))
#31 C:\\Projects\\tx_work_order\\vendor\\symfony\\console\\Application.php(1092): Illuminate\\Console\\Command->run(Object(Symfony\\Component\\Console\\Input\\ArgvInput), Object(Symfony\\Component\\Console\\Output\\ConsoleOutput))
#32 C:\\Projects\\tx_work_order\\vendor\\symfony\\console\\Application.php(341): Symfony\\Component\\Console\\Application->doRunCommand(Object(App\\Console\\Commands\\ImportJobberJobs), Object(Symfony\\Component\\Console\\Input\\ArgvInput), Object(Symfony\\Component\\Console\\Output\\ConsoleOutput))
#33 C:\\Projects\\tx_work_order\\vendor\\symfony\\console\\Application.php(192): Symfony\\Component\\Console\\Application->doRun(Object(Symfony\\Component\\Console\\Input\\ArgvInput), Object(Symfony\\Component\\Console\\Output\\ConsoleOutput))
#34 C:\\Projects\\tx_work_order\\vendor\\laravel\\framework\\src\\Illuminate\\Foundation\\Console\\Kernel.php(197): Symfony\\Component\\Console\\Application->run(Object(Symfony\\Component\\Console\\Input\\ArgvInput), Object(Symfony\\Component\\Console\\Output\\ConsoleOutput))
#35 C:\\Projects\\tx_work_order\\vendor\\laravel\\framework\\src\\Illuminate\\Foundation\\Application.php(1234): Illuminate\\Foundation\\Console\\Kernel->handle(Object(Symfony\\Component\\Console\\Input\\ArgvInput), Object(Symfony\\Component\\Console\\Output\\ConsoleOutput))
#36 C:\\Projects\\tx_work_order\\artisan(13): Illuminate\\Foundation\\Application->handleCommand(Object(Symfony\\Component\\Console\\Input\\ArgvInput))
#37 {main}
"} 
